      [<AbstractClass>]
      type Shape(x0: float, y0: float) =
        let mutable x, y = x0, y0

        abstract Name : string with get
        abstract Area : float with get

        member _.Move dx dy =
          x <- x + dx
          y <- y + dy

      type Square(x,y, sideLength) =
        inherit Shape(x,y)
        
        override this.Area: float =
            failwith "Not Implemented"
        override this.Name: string =
            failwith "Not Implemented"
      let a = 0